// Vitest Snapshot v1, https://vitest.dev/guide/snapshot.html

exports[`App — responsive dark theme snapshot (Req 15.1–15.5) > renders the full layout without throwing and matches snapshot 1`] = `
<div>
  <div
    aria-describedby="halloween-intro-hint"
    aria-label="Halloween intro splash screen"
    aria-modal="true"
    class="halloween-intro halloween-intro--active"
    role="dialog"
    tabindex="0"
  >
    <div
      aria-hidden="true"
      class="halloween-particles"
    >
      <div
        class="particle"
      />
      <div
        class="particle"
      />
      <div
        class="particle"
      />
      <div
        class="particle"
      />
      <div
        class="particle"
      />
      <div
        class="particle"
      />
      <div
        class="particle"
      />
      <div
        class="particle"
      />
      <div
        class="particle"
      />
      <div
        class="particle"
      />
      <div
        class="particle"
      />
      <div
        class="particle"
      />
      <div
        class="particle"
      />
      <div
        class="particle"
      />
      <div
        class="particle"
      />
    </div>
    <div
      class="halloween-intro__content"
    >
      <div
        class="halloween-intro__icon"
      >
        🎃
      </div>
      <h1
        class="halloween-intro__title"
      >
        <span
          class="halloween-text"
        >
          Happy
        </span>
        <span
          class="halloween-text halloween-text--delay-1"
        >
          Halloween
        </span>
      </h1>
      <p
        class="halloween-intro__subtitle"
      >
        <span
          class="spooky-text"
        >
          EchoBox Music
        </span>
      </p>
      <div
        class="halloween-intro__bats"
      >
        <span
          class="bat"
        >
          🦇
        </span>
        <span
          class="bat bat--delay-1"
        >
          🦇
        </span>
        <span
          class="bat bat--delay-2"
        >
          🦇
        </span>
      </div>
      <button
        aria-label="Enter EchoBox Music Studio"
        class="halloween-intro__button"
      >
        Enter EchoBox Studio
      </button>
      <p
        class="halloween-intro__hint"
        id="halloween-intro-hint"
      >
        Or press Enter / Escape to continue
      </p>
    </div>
    <div
      aria-hidden="true"
      class="halloween-intro__decorations"
    >
      <span
        class="decoration decoration--top-left"
      >
        👻
      </span>
      <span
        class="decoration decoration--top-right"
      >
        💀
      </span>
      <span
        class="decoration decoration--bottom-left"
      >
        🕷️
      </span>
      <span
        class="decoration decoration--bottom-right"
      >
        🕸️
      </span>
    </div>
  </div>
  <div
    class="app-layout"
  >
    <aside
      aria-label="Playlists"
      class="sidebar"
    >
      <div
        class="sidebar__header"
      >
        <h2
          class="sidebar__heading"
        >
          Your Playlists
        </h2>
        <button
          aria-label="Switch to light theme"
          class="theme-toggle"
          title="Switch to light theme"
          type="button"
        >
          <span
            class="theme-toggle__icon"
          >
            ☀️
          </span>
          <span
            class="theme-toggle__label"
          >
            Light
          </span>
        </button>
      </div>
      <section
        class="playlist-list"
      >
        <div
          class="playlist-list__import"
        >
          <input
            accept=".json"
            id="import-playlist"
            style="display: none;"
            type="file"
          />
          <label
            class="playlist-list__import-btn"
            for="import-playlist"
          >
            📁 Import Playlist
          </label>
        </div>
        <div
          class="playlist-list__empty"
        >
          <p>
            No playlists yet
          </p>
          <p
            style="font-size: var(--font-size-xs); margin-top: var(--space-2); opacity: 0.7;"
          >
            Create your first collection below to get started
          </p>
        </div>
      </section>
      <form
        class="create-playlist-form"
      >
        <p
          class="create-playlist-form__label"
        >
          Create a playlist
        </p>
        <div
          class="create-playlist-form__field"
        >
          <input
            aria-label="New playlist name"
            class="create-playlist-form__input"
            placeholder="New playlist name…"
            type="text"
            value=""
          />
          <button
            aria-label="Create playlist"
            class="create-playlist-form__submit"
            type="submit"
          >
            +
          </button>
        </div>
      </form>
    </aside>
    <main
      class="main-content"
    >
      <div
        class="search-bar"
      >
        <label
          class="search-bar__label"
          for="search-input"
        >
          <span
            aria-hidden="true"
            class="search-bar__icon"
          >
            🔍
          </span>
        </label>
        <input
          aria-label="Search tracks"
          autocomplete="off"
          class="search-bar__input"
          id="search-input"
          placeholder="Search tracks..."
          spellcheck="false"
          type="text"
          value=""
        />
      </div>
      <div
        class="track-list-container"
      >
        <ul
          class="track-list"
        >
          <li
            class="track-item"
            role="button"
            tabindex="0"
          >
            <span
              class="track-item__title"
            >
              Naanga Naalu Peru
            </span>
            <span
              class="track-item__artist"
            >
              Unknown Artist
            </span>
            <span
              class="track-item__duration"
            >
              3:17
            </span>
            <span
              class="track-item__add-wrapper"
            >
              <button
                aria-expanded="false"
                aria-haspopup="menu"
                aria-label="Add Naanga Naalu Peru to a playlist"
                class="track-item__add-btn"
                title="Add to playlist"
                type="button"
              >
                +
              </button>
            </span>
          </li>
          <li
            class="track-item"
            role="button"
            tabindex="0"
          >
            <span
              class="track-item__title"
            >
              Raathu Raasan
            </span>
            <span
              class="track-item__artist"
            >
              Unknown Artist
            </span>
            <span
              class="track-item__duration"
            >
              3:15
            </span>
            <span
              class="track-item__add-wrapper"
            >
              <button
                aria-expanded="false"
                aria-haspopup="menu"
                aria-label="Add Raathu Raasan to a playlist"
                class="track-item__add-btn"
                title="Add to playlist"
                type="button"
              >
                +
              </button>
            </span>
          </li>
        </ul>
      </div>
    </main>
  </div>
  <footer
    aria-label="Now playing"
    class="now-playing-bar"
    role="contentinfo"
  >
    <div
      class="now-playing-bar__section now-playing-bar__section--left"
    >
      <div
        aria-label="Now playing track information"
        aria-live="polite"
        class="track-info"
        role="region"
      >
        <span
          aria-label="No track title"
          class="track-title"
        >
          No track selected
        </span>
        <span
          aria-label="No artist"
          class="track-artist"
        >
          —
        </span>
      </div>
    </div>
    <div
      class="now-playing-bar__section now-playing-bar__section--center"
    >
      <div
        class="playback-controls"
      >
        <div
          class="playback-controls__buttons"
        >
          <button
            aria-label="Previous track (shortcut: Left arrow)"
            class="playback-controls__btn playback-controls__btn--prev"
            disabled=""
            title="Previous track (Left arrow)"
          >
            ⏮
          </button>
          <button
            aria-label="Play (shortcut: Spacebar)"
            class="playback-controls__btn playback-controls__btn--play"
            disabled=""
            title="Play (Spacebar)"
          >
            ▶
          </button>
          <button
            aria-label="Next track (shortcut: Right arrow)"
            class="playback-controls__btn playback-controls__btn--next"
            disabled=""
            title="Next track (Right arrow)"
          >
            ⏭
          </button>
        </div>
        <div
          class="seek-bar"
        >
          <span
            aria-label="Current time"
            class="seek-bar__time seek-bar__time--current"
          >
            0:00
          </span>
          <input
            aria-label="Seek to position in track"
            aria-valuemax="100"
            aria-valuemin="0"
            aria-valuenow="0"
            aria-valuetext="0:00 of 0:00"
            class="seek-bar__input"
            disabled=""
            max="100"
            min="0"
            step="0.1"
            title="Drag to seek, or click to jump to position"
            type="range"
            value="0"
          />
          <span
            aria-label="Total duration"
            class="seek-bar__time seek-bar__time--total"
          >
            0:00
          </span>
        </div>
      </div>
    </div>
    <div
      class="now-playing-bar__section now-playing-bar__section--right"
    >
      <div
        aria-label="Volume control section"
        class="volume-control"
      >
        <span
          aria-hidden="true"
          class="volume-control__icon"
        >
          🔊
        </span>
        <input
          aria-label="Volume level"
          aria-valuemax="1"
          aria-valuemin="0"
          aria-valuenow="1"
          aria-valuetext="Volume 100%"
          class="volume-control__slider"
          max="1"
          min="0"
          step="0.01"
          title="Adjust volume (0% to 100%)"
          type="range"
          value="1"
        />
      </div>
      <div
        class="keyboard-shortcuts-hint"
        title="Keyboard Shortcuts: Space = Play/Pause, ← = Previous, → = Next"
      >
        ⌨️
      </div>
    </div>
  </footer>
</div>
`;
